Microchip MPLAB XC8 Compiler V3.00

Linker command line:

-W-3 \
  --edf=C:\Program Files\Microchip\xc8\v3.00\pic\dat\20241204225717_en.msgs \
  -cn -h+dist/default/production\lab4_ex3.X.production.sym \
  --cmf=dist/default/production\lab4_ex3.X.production.cmf -z -Q18F4550 \
  -oC:\Users\Samuka\AppData\Local\Temp\xcAs5n4.\driver_tmp_3.o \
  --defsym=__MPLAB_BUILD=1 --fixupoverflow=error \
  -Mdist/default/production/lab4_ex3.X.production.map \
  --md=C:\Users\Samuka\AppData\Local\Temp\xcAs5n4.\driver_tmp_0.dat -E1 \
  -ver=XC8 Compiler -ACODE=00h-07FFFh -ACONST=00h-07FFFh \
  -ASMALLCONST=0800h-08FFhx120 -AMEDIUMCONST=0800h-07FFFh -ACOMRAM=01h-05Fh \
  -AABS1=00h-07FFh -ABIGRAM=01h-07FFh -ARAM=060h-0FFh,0100h-01FFhx7 \
  -ABANK0=060h-0FFh -ABANK1=0100h-01FFh -ABANK2=0200h-02FFh \
  -ABANK3=0300h-03FFh -ABANK4=0400h-04FFh -ABANK5=0500h-05FFh \
  -ABANK6=0600h-06FFh -ABANK7=0700h-07FFh -ASFR=0F60h-0FFFh \
  -ABIGSFR=0F60h-0FFFh -ACONFIG=0300000h-030000Dh -AIDLOC=0200000h-0200007h \
  -AEEDATA=0F00000h-0F000FFh -peeprom_data=EEDATA \
  -preset_vec=00h,intcode=8h,intcodelo=18h,sivt_lo,sivt_hi=CODE \
  -ppowerup=CODE,init -pramtop=0800h -psmallconst=SMALLCONST \
  -pmediumconst=MEDIUMCONST -pconst=CONST -AFARRAM=00h-00h \
  -prdata=COMRAM,nvrram=COMRAM,nvbit=COMRAM,rbss=COMRAM,rbit=COMRAM \
  -pfarbss=FARRAM,fardata=FARRAM,nvFARRAM=FARRAM \
  -pintsave_regs=BIGRAM,bigbss=BIGRAM,bigdata=BIGRAM -pbss=RAM \
  -pidata=CODE,irdata=CODE,ibigdata=CODE,ifardata=CODE -prparam=COMRAM \
  C:\Users\Samuka\AppData\Local\Temp\xcAs5n4.\driver_tmp_14.o \
  dist/default/production\lab4_ex3.X.production.o 

Object code version is 3.11

Machine type is 18F4550



                Name                               Link     Load   Length Selector   Space Scale
C:\Users\Samuka\AppData\Local\Temp\xcAs5n4.\driver_tmp_14.o
                idloc                            200000   200000        8        0       5
                config                           300000   300000        E        0       4
                init                               7FFC     7FFC        4     3FFE       0
                reset_vec                             0        0        4        0       0
dist/default/production\lab4_ex3.X.production.o
                idloc                            200000   200000        8        0       5
                config                           300000   300000        E        0       4
                smallconst                          800      800       18      400       0
                text25                             1188     1188       2A      40C       0
                text24                             1268     1268        8      40C       0
                text23                             1232     1232       16      40C       0
                text22                             1214     1214       1E      40C       0
                text21                             10DA     10DA       3E      40C       0
                text20                              D86      D86       A4      40C       0
                text19                              EB4      EB4       74      40C       0
                text18                              F92      F92       64      40C       0
                text17                             1270     1270        2      40C       0
                text16                              C38      C38       AA      40C       0
                text15                             1118     1118       3C      40C       0
                text14                              E2A      E2A       8A      40C       0
                text13                              B84      B84       B4      40C       0
                text12                              9AA      9AA      10E      40C       0
                text11                             109C     109C       3E      40C       0
                text10                             1154     1154       34      40C       0
                text9                               FF6      FF6       5E      40C       0
                text8                              1258     1258       10      40C       0
                text7                              1248     1248       10      40C       0
                text6                              11B2     11B2       22      40C       0
                text5                              11F4     11F4       20      40C       0
                text4                               AB8      AB8       CC      40C       0
                text3                               CE2      CE2       A4      40C       0
                text2                               F28      F28       6A      40C       0
                text1                              1054     1054       48      40C       0
                text0                               818      818      192      40C       0
                cstackCOMRAM                          1        1       54        1       1
                bssBANK0                             60       60       20       60       1
                bssCOMRAM                            55       55        5        1       1
                cinit                              11D4     11D4       20      40C       0

TOTAL           Name                               Link     Load   Length     Space
        CLASS   CODE           
                init                               7FFC     7FFC        4         0
                reset_vec                             0        0        4         0
                text25                             1188     1188       2A         0
                text24                             1268     1268        8         0
                text23                             1232     1232       16         0
                text22                             1214     1214       1E         0
                text21                             10DA     10DA       3E         0
                text20                              D86      D86       A4         0
                text19                              EB4      EB4       74         0
                text18                              F92      F92       64         0
                text17                             1270     1270        2         0
                text16                              C38      C38       AA         0
                text15                             1118     1118       3C         0
                text14                              E2A      E2A       8A         0
                text13                              B84      B84       B4         0
                text12                              9AA      9AA      10E         0
                text11                             109C     109C       3E         0
                text10                             1154     1154       34         0
                text9                               FF6      FF6       5E         0
                text8                              1258     1258       10         0
                text7                              1248     1248       10         0
                text6                              11B2     11B2       22         0
                text5                              11F4     11F4       20         0
                text4                               AB8      AB8       CC         0
                text3                               CE2      CE2       A4         0
                text2                               F28      F28       6A         0
                text1                              1054     1054       48         0
                text0                               818      818      192         0
                cinit                              11D4     11D4       20         0

        CLASS   CONST          

        CLASS   SMALLCONST     
                smallconst                          800      800       18         0

        CLASS   MEDIUMCONST    

        CLASS   COMRAM         
                cstackCOMRAM                          1        1       54         1
                bssCOMRAM                            55       55        5         1

        CLASS   ABS1           

        CLASS   BIGRAM         

        CLASS   RAM            

        CLASS   BANK0          
                bssBANK0                             60       60       20         1

        CLASS   BANK1          

        CLASS   BANK2          

        CLASS   BANK3          

        CLASS   BANK4          

        CLASS   BANK5          

        CLASS   BANK6          

        CLASS   BANK7          

        CLASS   SFR            

        CLASS   BIGSFR         

        CLASS   CONFIG         
                config                           300000   300000        E         4

        CLASS   IDLOC          
                idloc                            200000   200000        8         5

        CLASS   EEDATA         

        CLASS   FARRAM         

        CLASS   HEAP           

        CLASS   STACK          



SEGMENTS        Name                           Load    Length   Top    Selector   Space  Class

                reset_vec                      000000  000004  000004         0       0  CODE    
                cstackCOMRAM                   000001  000059  00005A         1       1  COMRAM  
                bssBANK0                       000060  000020  000080        60       1  BANK0   
                smallconst                     000800  000018  000818       400       0  SMALLCON
                text0                          000818  000A5A  001272       40C       0  CODE    
                init                           007FFC  000004  008000      3FFE       0  CODE    


UNUSED ADDRESS RANGES

        Name                Unused          Largest block    Delta
        BANK0            000080-0000FF               80
        BANK1            000100-0001FF              100
        BANK2            000200-0002FF              100
        BANK3            000300-0003FF              100
        BANK4            000400-0004FF              100
        BANK5            000500-0005FF              100
        BANK6            000600-0006FF              100
        BANK7            000700-0007FF              100
        BIGRAM           00005A-00005F                6
                         000080-0007FF              780
        BIGSFR           000F60-000FFF               A0
        CODE             000004-0007FF              7FC
                         001272-007FFB             6D8A
        COMRAM           00005A-00005F                6
        CONST            000004-0007FF              7FC
                         001272-007FFB             6D8A
        EEDATA           F00000-F000FF              100
        MEDIUMCONST      001272-007FFB             6D8A
        RAM              000080-0007FF              100
        SFR              000F60-000FFF               A0
        SMALLCONST       001272-007FFB              100

                                  Symbol Table

?_AD_Read                        cstackCOMRAM 000001
?___lldiv                        cstackCOMRAM 00000D
?___lmul                         cstackCOMRAM 000001
?___lwdiv                        cstackCOMRAM 000001
?___lwmod                        cstackCOMRAM 000001
?_read_prec_or_width             cstackCOMRAM 000001
?_sprintf                        cstackCOMRAM 000029
?_vfprintf                       cstackCOMRAM 000025
LCD_PutTemperature@buffer        cstackCOMRAM 00003D
LCD_PutTemperature@num_mili      cstackCOMRAM 00003B
LCD_PutTemperature@parte_decimal cstackCOMRAM 000040
LCD_PutTemperature@parte_inteira cstackCOMRAM 00003E
SetDDRamAddr@DDaddr              cstackCOMRAM 000001
WriteCmdXLCD@cmd                 cstackCOMRAM 000001
WriteDataXLCD@data               cstackCOMRAM 000001
_ADCON0                          (abs)        000FC2
_ADCON0bits                      (abs)        000FC2
_ADCON1                          (abs)        000FC1
_ADCON2                          (abs)        000FC0
_ADRESH                          (abs)        000FC4
_ADRESL                          (abs)        000FC3
_AD_Read                         text25       001188
_BusyXLCD                        text23       001232
_DelayFor18TCY                   text24       001268
_DelayPORXLCD                    text8        001258
_DelayXLCD                       text7        001248
_LATCbits                        (abs)        000F8B
_LATEbits                        (abs)        000F8D
_LCD_PutTemperature              text9        000FF6
_OpenXLCD                        text4        000AB8
_PORTD                           (abs)        000F83
_SetDDRamAddr                    text6        0011B2
_TRISAbits                       (abs)        000F92
_TRISCbits                       (abs)        000F94
_TRISD                           (abs)        000F95
_TRISEbits                       (abs)        000F96
_WriteCmdXLCD                    text5        0011F4
_WriteDataXLCD                   text22       001214
__HRAM                           (abs)        000000
__H__absolute__                  __absolute__ 000000
__Habs1                          abs1         000000
__Hbank0                         bank0        000000
__Hbank1                         bank1        000000
__Hbank2                         bank2        000000
__Hbank3                         bank3        000000
__Hbank4                         bank4        000000
__Hbank5                         bank5        000000
__Hbank6                         bank6        000000
__Hbank7                         bank7        000000
__Hbigbss                        bigbss       000000
__Hbigdata                       bigdata      000000
__Hbigram                        bigram       000000
__Hbigsfr                        bigsfr       000000
__Hbss                           bss          000000
__HbssBANK0                      bssBANK0     000000
__HbssCOMRAM                     bssCOMRAM    000000
__Hcinit                         cinit        000000
__Hclrtext                       clrtext      000000
__Hcomram                        comram       000000
__Hconfig                        config       30000E
__Hconst                         const        000000
__HcstackCOMRAM                  cstackCOMRAM 000000
__Hdata                          data         000000
__Heeprom_data                   eeprom_data  000000
__Hfarbss                        farbss       000000
__Hfardata                       fardata      000000
__Hheap                          heap         000000
__Hibigdata                      ibigdata     000000
__Hidata                         idata        000000
__Hidloc                         idloc        200008
__Hifardata                      ifardata     000000
__Hinit                          init         008000
__Hintcode                       intcode      000008
__Hintcode_body                  intcode_body 000000
__Hintcodelo                     intcodelo    000018
__Hintentry                      intentry     000000
__Hintret                        intret       000000
__Hintsave_regs                  intsave_regs 000000
__Hirdata                        irdata       000000
__Hmediumconst                   mediumconst  000000
__HnvFARRAM                      nvFARRAM     000000
__Hnvbit                         nvbit        000000
__Hnvrram                        nvrram       000000
__Hparam                         rparam       000000
__Hpowerup                       powerup      000000
__Hram                           ram          000000
__Hramtop                        ramtop       000800
__Hrbit                          rbit         000000
__Hrbss                          rbss         000000
__Hrdata                         rdata        000000
__Hreset_vec                     reset_vec    000004
__Hrparam                        rparam       000000
__Hsfr                           sfr          000000
__Hsivt_hi                       sivt_hi      000000
__Hsivt_lo                       sivt_lo      000018
__Hsmallconst                    smallconst   000818
__Hspace_0                       (abs)        008000
__Hspace_1                       (abs)        000080
__Hspace_2                       (abs)        000000
__Hspace_4                       (abs)        60000E
__Hstack                         stack        000000
__Hstruct                        struct       000000
__Htemp                          temp         000000
__Htext                          text         000000
__Htext0                         text0        000000
__Htext1                         text1        000000
__Htext10                        text10       000000
__Htext11                        text11       000000
__Htext12                        text12       000000
__Htext13                        text13       000000
__Htext14                        text14       000000
__Htext15                        text15       000000
__Htext16                        text16       000000
__Htext17                        text17       000000
__Htext18                        text18       000000
__Htext19                        text19       000000
__Htext2                         text2        000000
__Htext20                        text20       000000
__Htext21                        text21       000000
__Htext22                        text22       000000
__Htext23                        text23       000000
__Htext24                        text24       000000
__Htext25                        text25       000000
__Htext3                         text3        000000
__Htext4                         text4        000000
__Htext5                         text5        000000
__Htext6                         text6        000000
__Htext7                         text7        000000
__Htext8                         text8        000000
__Htext9                         text9        000000
__LRAM                           (abs)        000001
__L__absolute__                  __absolute__ 000000
__Labs1                          abs1         000000
__Lbank0                         bank0        000000
__Lbank1                         bank1        000000
__Lbank2                         bank2        000000
__Lbank3                         bank3        000000
__Lbank4                         bank4        000000
__Lbank5                         bank5        000000
__Lbank6                         bank6        000000
__Lbank7                         bank7        000000
__Lbigbss                        bigbss       000000
__Lbigdata                       bigdata      000000
__Lbigram                        bigram       000000
__Lbigsfr                        bigsfr       000000
__Lbss                           bss          000000
__LbssBANK0                      bssBANK0     000000
__LbssCOMRAM                     bssCOMRAM    000000
__Lcinit                         cinit        000000
__Lclrtext                       clrtext      000000
__Lcomram                        comram       000000
__Lconfig                        config       000000
__Lconst                         const        000000
__LcstackCOMRAM                  cstackCOMRAM 000000
__Ldata                          data         000000
__Leeprom_data                   eeprom_data  000000
__Lfarbss                        farbss       000000
__Lfardata                       fardata      000000
__Lheap                          heap         000000
__Libigdata                      ibigdata     000000
__Lidata                         idata        000000
__Lidloc                         idloc        000000
__Lifardata                      ifardata     000000
__Linit                          init         007FFC
__Lintcode                       intcode      000008
__Lintcode_body                  intcode_body 000000
__Lintcodelo                     intcodelo    000018
__Lintentry                      intentry     000000
__Lintret                        intret       000000
__Lintsave_regs                  intsave_regs 000000
__Lirdata                        irdata       000000
__Lmediumconst                   mediumconst  000000
__LnvFARRAM                      nvFARRAM     000000
__Lnvbit                         nvbit        000000
__Lnvrram                        nvrram       000000
__Lparam                         rparam       000000
__Lpowerup                       powerup      000000
__Lram                           ram          000000
__Lramtop                        ramtop       000800
__Lrbit                          rbit         000000
__Lrbss                          rbss         000000
__Lrdata                         rdata        000000
__Lreset_vec                     reset_vec    000000
__Lrparam                        rparam       000000
__Lsfr                           sfr          000000
__Lsivt_hi                       sivt_hi      000000
__Lsivt_lo                       sivt_lo      000018
__Lsmallconst                    smallconst   000800
__Lspace_0                       (abs)        000000
__Lspace_1                       (abs)        000000
__Lspace_2                       (abs)        000000
__Lspace_4                       (abs)        000000
__Lstack                         stack        000000
__Lstruct                        struct       000000
__Ltemp                          temp         000000
__Ltext                          text         000000
__Ltext0                         text0        000000
__Ltext1                         text1        000000
__Ltext10                        text10       000000
__Ltext11                        text11       000000
__Ltext12                        text12       000000
__Ltext13                        text13       000000
__Ltext14                        text14       000000
__Ltext15                        text15       000000
__Ltext16                        text16       000000
__Ltext17                        text17       000000
__Ltext18                        text18       000000
__Ltext19                        text19       000000
__Ltext2                         text2        000000
__Ltext20                        text20       000000
__Ltext21                        text21       000000
__Ltext22                        text22       000000
__Ltext23                        text23       000000
__Ltext24                        text24       000000
__Ltext25                        text25       000000
__Ltext3                         text3        000000
__Ltext4                         text4        000000
__Ltext5                         text5        000000
__Ltext6                         text6        000000
__Ltext7                         text7        000000
__Ltext8                         text8        000000
__Ltext9                         text9        000000
__S0                             (abs)        008000
__S1                             (abs)        000080
__S4                             (abs)        000000
__S5                             (abs)        000000
___heap_hi                       (abs)        000000
___heap_lo                       (abs)        000000
___inthi_sp                      stack        000000
___inthi_stack_hi                stack        000000
___inthi_stack_lo                stack        000000
___intlo_sp                      stack        000000
___intlo_stack_hi                stack        000000
___intlo_stack_lo                stack        000000
___lldiv                         text3        000CE2
___lldiv@counter                 cstackCOMRAM 000019
___lldiv@dividend                cstackCOMRAM 00000D
___lldiv@divisor                 cstackCOMRAM 000011
___lldiv@quotient                cstackCOMRAM 000015
___lmul                          text2        000F28
___lmul@multiplicand             cstackCOMRAM 000005
___lmul@multiplier               cstackCOMRAM 000001
___lmul@product                  cstackCOMRAM 000009
___lwdiv                         text19       000EB4
___lwdiv@counter                 cstackCOMRAM 000007
___lwdiv@dividend                cstackCOMRAM 000001
___lwdiv@divisor                 cstackCOMRAM 000003
___lwdiv@quotient                cstackCOMRAM 000005
___lwmod                         text18       000F92
___lwmod@counter                 cstackCOMRAM 000005
___lwmod@dividend                cstackCOMRAM 000001
___lwmod@divisor                 cstackCOMRAM 000003
___param_bank                    (abs)        000000
___rparam_used                   (abs)        000001
___sp                            stack        000000
___stack_hi                      stack        000000
___stack_lo                      stack        000000
__accesstop                      (abs)        000060
__activetblptr                   (abs)        000002
__end_of_AD_Read                 text25       0011B2
__end_of_BusyXLCD                text23       001248
__end_of_DelayFor18TCY           text24       001270
__end_of_DelayPORXLCD            text8        001268
__end_of_DelayXLCD               text7        001258
__end_of_LCD_PutTemperature      text9        001054
__end_of_OpenXLCD                text4        000B84
__end_of_SetDDRamAddr            text6        0011D4
__end_of_WriteCmdXLCD            text5        001214
__end_of_WriteDataXLCD           text22       001232
__end_of___lldiv                 text3        000D86
__end_of___lmul                  text2        000F92
__end_of___lwdiv                 text19       000F28
__end_of___lwmod                 text18       000FF6
__end_of__initialization         cinit        0011EA
__end_of_fputc                   text16       000CE2
__end_of_fputs                   text15       001154
__end_of_main                    text0        0009AA
__end_of_pad                     text14       000EB4
__end_of_putch                   text17       001272
__end_of_putrsXLCD               text1        00109C
__end_of_putsXLCD                text21       001118
__end_of_read_prec_or_width      text20       000E2A
__end_of_sprintf                 text10       001188
__end_of_utoa                    text13       000C38
__end_of_vfpfcnvrt               text12       000AB8
__end_of_vfprintf                text11       0010DA
__initialization                 cinit        0011D4
__mediumconst                    smallconst   000800
__pbssBANK0                      bssBANK0     000060
__pbssCOMRAM                     bssCOMRAM    000055
__pcinit                         cinit        0011D4
__pcstackCOMRAM                  cstackCOMRAM 000001
__psmallconst                    smallconst   000800
__ptext0                         text0        000818
__ptext1                         text1        001054
__ptext10                        text10       001154
__ptext11                        text11       00109C
__ptext12                        text12       0009AA
__ptext13                        text13       000B84
__ptext14                        text14       000E2A
__ptext15                        text15       001118
__ptext16                        text16       000C38
__ptext17                        text17       001270
__ptext18                        text18       000F92
__ptext19                        text19       000EB4
__ptext2                         text2        000F28
__ptext20                        text20       000D86
__ptext21                        text21       0010DA
__ptext22                        text22       001214
__ptext23                        text23       001232
__ptext24                        text24       001268
__ptext25                        text25       001188
__ptext3                         text3        000CE2
__ptext4                         text4        000AB8
__ptext5                         text5        0011F4
__ptext6                         text6        0011B2
__ptext7                         text7        001248
__ptext8                         text8        001258
__ptext9                         text9        000FF6
__ramtop                         ramtop       000800
__smallconst                     smallconst   000800
_dbuf                            bssBANK0     000060
_flags                           bssCOMRAM    000059
_fputc                           text16       000C38
_fputs                           text15       001118
_main                            text0        000818
_pad                             text14       000E2A
_prec                            bssCOMRAM    000057
_putch                           text17       001270
_putrsXLCD                       text1        001054
_putsXLCD                        text21       0010DA
_read_prec_or_width              text20       000D86
_sprintf                         text10       001154
_utoa                            text13       000B84
_vfpfcnvrt                       text12       0009AA
_vfprintf                        text11       00109C
_width                           bssCOMRAM    000055
end_of_initialization            cinit        0011EA
fputc@c                          cstackCOMRAM 000001
fputc@fp                         cstackCOMRAM 000003
fputs@c                          cstackCOMRAM 00000B
fputs@fp                         cstackCOMRAM 00000A
fputs@i                          cstackCOMRAM 00000C
fputs@s                          cstackCOMRAM 000009
intlevel0                        text         000000
intlevel1                        text         000000
intlevel2                        text         000000
intlevel3                        text         000000
isa$std                          (abs)        000001
isa$xinst                        (abs)        000000
main@ad_value                    cstackCOMRAM 00004D
main@buffer                      cstackCOMRAM 000043
main@i                           cstackCOMRAM 00004F
main@j                           cstackCOMRAM 000051
main@temp_mili                   cstackCOMRAM 000053
pad@buf                          cstackCOMRAM 00000F
pad@fp                           cstackCOMRAM 00000E
pad@i                            cstackCOMRAM 000013
pad@p                            cstackCOMRAM 000010
putrsXLCD@buffer                 cstackCOMRAM 000002
putsXLCD@buffer                  cstackCOMRAM 000002
read_prec_or_width@ap            cstackCOMRAM 000002
read_prec_or_width@c             cstackCOMRAM 000005
read_prec_or_width@fmt           cstackCOMRAM 000001
read_prec_or_width@n             cstackCOMRAM 000006
sprintf@ap                       cstackCOMRAM 00002F
sprintf@f                        cstackCOMRAM 000030
sprintf@fmt                      cstackCOMRAM 00002A
sprintf@s                        cstackCOMRAM 000029
stackhi                          (abs)        000000
stacklo                          (abs)        000000
start                            init         007FFC
start_initialization             cinit        0011D4
utoa@d                           cstackCOMRAM 000016
utoa@fp                          cstackCOMRAM 000015
utoa@i                           cstackCOMRAM 00001B
utoa@p                           cstackCOMRAM 00001A
utoa@w                           cstackCOMRAM 000018
vfpfcnvrt@ap                     cstackCOMRAM 00001F
vfpfcnvrt@convarg                cstackCOMRAM 000020
vfpfcnvrt@cp                     cstackCOMRAM 000024
vfpfcnvrt@fmt                    cstackCOMRAM 00001E
vfpfcnvrt@fp                     cstackCOMRAM 00001D
vfprintf@ap                      cstackCOMRAM 000027
vfprintf@cfmt                    cstackCOMRAM 000028
vfprintf@fmt                     cstackCOMRAM 000026
vfprintf@fp                      cstackCOMRAM 000025


MODULE INFORMATION

Module		Function		Class		Link	Load	Size
C:\Program Files\Microchip\xc8\v3.00\pic\sources\c99\common\nf_fputc.c
		_fputc         		CODE           	0C38	0000	170

C:\Program Files\Microchip\xc8\v3.00\pic\sources\c99\common\nf_fputc.c estimated size: 170

C:\Program Files\Microchip\xc8\v3.00\pic\sources\c99\common\nf_sprintf.c
		_sprintf       		CODE           	1154	0000	52

C:\Program Files\Microchip\xc8\v3.00\pic\sources\c99\common\nf_sprintf.c estimated size: 52

C:\Program Files\Microchip\xc8\v3.00\pic\sources\c99\common\lwmod.c
		___lwmod       		CODE           	0F92	0000	100

C:\Program Files\Microchip\xc8\v3.00\pic\sources\c99\common\lwmod.c estimated size: 100

C:\Program Files\Microchip\xc8\v3.00\pic\sources\c99\common\putch.c
		_putch         		CODE           	1270	0000	2

C:\Program Files\Microchip\xc8\v3.00\pic\sources\c99\common\putch.c estimated size: 2

C:\Program Files\Microchip\xc8\v3.00\pic\sources\c99\common\Umul32.c
		___lmul        		CODE           	0F28	0000	106

C:\Program Files\Microchip\xc8\v3.00\pic\sources\c99\common\Umul32.c estimated size: 106

C:\Program Files\Microchip\xc8\v3.00\pic\sources\c99\common\__lldiv.c
		___lldiv       		CODE           	0CE2	0000	164

C:\Program Files\Microchip\xc8\v3.00\pic\sources\c99\common\__lldiv.c estimated size: 164

shared
		__initialization		CODE           	11D4	0000	22

shared estimated size: 22

C:/Users/Samuka/Downloads/lab4/ex3/src/xlcd.c
		_BusyXLCD      		CODE           	1232	0000	22
		_putsXLCD      		CODE           	10DA	0000	62
		_WriteCmdXLCD  		CODE           	11F4	0000	32
		_OpenXLCD      		CODE           	0AB8	0000	204
		_WriteDataXLCD 		CODE           	1214	0000	30
		_SetDDRamAddr  		CODE           	11B2	0000	34
		_putrsXLCD     		CODE           	1054	0000	72

C:/Users/Samuka/Downloads/lab4/ex3/src/xlcd.c estimated size: 456

C:\Program Files\Microchip\xc8\v3.00\pic\sources\c99\common\nf_fputs.c
		_fputs         		CODE           	1118	0000	60

C:\Program Files\Microchip\xc8\v3.00\pic\sources\c99\common\nf_fputs.c estimated size: 60

C:/Users/Samuka/Downloads/lab4/ex3/src/main.c
		_main          		CODE           	0818	0000	402
		_DelayFor18TCY 		CODE           	1268	0000	8
		_DelayXLCD     		CODE           	1248	0000	16
		_DelayPORXLCD  		CODE           	1258	0000	16
		_LCD_PutTemperature		CODE           	0FF6	0000	94
		_AD_Read       		CODE           	1188	0000	42

C:/Users/Samuka/Downloads/lab4/ex3/src/main.c estimated size: 578

C:\Program Files\Microchip\xc8\v3.00\pic\sources\c99\common\lwdiv.c
		___lwdiv       		CODE           	0EB4	0000	116

C:\Program Files\Microchip\xc8\v3.00\pic\sources\c99\common\lwdiv.c estimated size: 116

C:\Program Files\Microchip\xc8\v3.00\pic\sources\c99\common\doprnt.c
		_read_prec_or_width		CODE           	0D86	0000	164
		_vfpfcnvrt     		CODE           	09AA	0000	270
		_pad           		CODE           	0E2A	0000	138
		_vfprintf      		CODE           	109C	0000	62
		_utoa          		CODE           	0B84	0000	180

C:\Program Files\Microchip\xc8\v3.00\pic\sources\c99\common\doprnt.c estimated size: 814

