MPLINK 5.09, LINKER
Linker Map File - Created Mon Oct 27 15:38:03 2025

                                 Section Info
                  Section       Type    Address   Location Size(Bytes)
                ---------  ---------  ---------  ---------  ---------
                 RES_VECT       code   0x000000    program   0x0000e4
                   .cinit    romdata   0x0000e4    program   0x000002
.config_300000_BUILD/DEFAULT/PRODUCTION/_EXT/14    romdata   0x300000    program   0x000001
.config_300001_BUILD/DEFAULT/PRODUCTION/_EXT/14    romdata   0x300001    program   0x000001
.config_300002_BUILD/DEFAULT/PRODUCTION/_EXT/14    romdata   0x300002    program   0x000001
.config_300003_BUILD/DEFAULT/PRODUCTION/_EXT/14    romdata   0x300003    program   0x000001
.config_300005_BUILD/DEFAULT/PRODUCTION/_EXT/14    romdata   0x300005    program   0x000001
.config_300006_BUILD/DEFAULT/PRODUCTION/_EXT/14    romdata   0x300006    program   0x000001
.config_300008_BUILD/DEFAULT/PRODUCTION/_EXT/14    romdata   0x300008    program   0x000001
.config_300009_BUILD/DEFAULT/PRODUCTION/_EXT/14    romdata   0x300009    program   0x000001
.config_30000A_BUILD/DEFAULT/PRODUCTION/_EXT/14    romdata   0x30000a    program   0x000001
.config_30000B_BUILD/DEFAULT/PRODUCTION/_EXT/14    romdata   0x30000b    program   0x000001
.config_30000C_BUILD/DEFAULT/PRODUCTION/_EXT/14    romdata   0x30000c    program   0x000001
.config_30000D_BUILD/DEFAULT/PRODUCTION/_EXT/14    romdata   0x30000d    program   0x000001



                              Program Memory Usage 
                               Start         End      
                           ---------   ---------      
                            0x000000    0x0000e5      
                            0x300000    0x300003      
                            0x300005    0x300006      
                            0x300008    0x30000d      
            242 out of 33048 program addresses used, program memory utilization is 0%



                              Symbols - Sorted by Name
                     Name    Address   Location    Storage File                     
                ---------  ---------  ---------  --------- ---------                
           CheckDecrement   0x000040    program     static ..\..\src\main.asm       
            DecrementDone   0x000058    program     static ..\..\src\main.asm       
               DivideDone   0x000080    program     static ..\..\src\main.asm       
               DivideLoop   0x00006c    program     static ..\..\src\main.asm       
               GetPattern   0x000092    program     static ..\..\src\main.asm       
                 MainLoop   0x000022    program     static ..\..\src\main.asm       
                  SetTo99   0x000054    program     static ..\..\src\main.asm       
           UpdateDisplays   0x000066    program     static ..\..\src\main.asm       
           WaitReleaseDec   0x00005c    program     static ..\..\src\main.asm       
           WaitReleaseInc   0x000036    program     static ..\..\src\main.asm       
                   inicio   0x000004    program     static ..\..\src\main.asm       



                              Symbols - Sorted by Address
                     Name    Address   Location    Storage File                     
                ---------  ---------  ---------  --------- ---------                
                   inicio   0x000004    program     static ..\..\src\main.asm       
                 MainLoop   0x000022    program     static ..\..\src\main.asm       
           WaitReleaseInc   0x000036    program     static ..\..\src\main.asm       
           CheckDecrement   0x000040    program     static ..\..\src\main.asm       
                  SetTo99   0x000054    program     static ..\..\src\main.asm       
            DecrementDone   0x000058    program     static ..\..\src\main.asm       
           WaitReleaseDec   0x00005c    program     static ..\..\src\main.asm       
           UpdateDisplays   0x000066    program     static ..\..\src\main.asm       
               DivideLoop   0x00006c    program     static ..\..\src\main.asm       
               DivideDone   0x000080    program     static ..\..\src\main.asm       
               GetPattern   0x000092    program     static ..\..\src\main.asm       


