Microchip MPLAB XC8 Compiler V3.00

Linker command line:

-W-3 \
  --edf=C:\Program Files\Microchip\xc8\v3.00\pic\dat\20241204225717_en.msgs \
  -cn -h+dist/default/production\lab4_ex2.X.production.sym \
  --cmf=dist/default/production\lab4_ex2.X.production.cmf -z -Q18F4550 \
  -oC:\Users\Samuka\AppData\Local\Temp\xcAs310.\driver_tmp_3.o \
  --defsym=__MPLAB_BUILD=1 --fixupoverflow=error \
  -Mdist/default/production/lab4_ex2.X.production.map \
  --md=C:\Users\Samuka\AppData\Local\Temp\xcAs310.\driver_tmp_0.dat -E1 \
  -ver=XC8 Compiler -ACODE=00h-07FFFh -ACONST=00h-07FFFh \
  -ASMALLCONST=0800h-08FFhx120 -AMEDIUMCONST=0800h-07FFFh -ACOMRAM=01h-05Fh \
  -AABS1=00h-07FFh -ABIGRAM=01h-07FFh -ARAM=060h-0FFh,0100h-01FFhx7 \
  -ABANK0=060h-0FFh -ABANK1=0100h-01FFh -ABANK2=0200h-02FFh \
  -ABANK3=0300h-03FFh -ABANK4=0400h-04FFh -ABANK5=0500h-05FFh \
  -ABANK6=0600h-06FFh -ABANK7=0700h-07FFh -ASFR=0F60h-0FFFh \
  -ABIGSFR=0F60h-0FFFh -ACONFIG=0300000h-030000Dh -AIDLOC=0200000h-0200007h \
  -AEEDATA=0F00000h-0F000FFh -peeprom_data=EEDATA \
  -preset_vec=00h,intcode=8h,intcodelo=18h,sivt_lo,sivt_hi=CODE \
  -ppowerup=CODE,init -pramtop=0800h -psmallconst=SMALLCONST \
  -pmediumconst=MEDIUMCONST -pconst=CONST -AFARRAM=00h-00h \
  -prdata=COMRAM,nvrram=COMRAM,nvbit=COMRAM,rbss=COMRAM,rbit=COMRAM \
  -pfarbss=FARRAM,fardata=FARRAM,nvFARRAM=FARRAM \
  -pintsave_regs=BIGRAM,bigbss=BIGRAM,bigdata=BIGRAM -pbss=RAM \
  -pidata=CODE,irdata=CODE,ibigdata=CODE,ifardata=CODE -prparam=COMRAM \
  C:\Users\Samuka\AppData\Local\Temp\xcAs310.\driver_tmp_14.o \
  dist/default/production\lab4_ex2.X.production.o 

Object code version is 3.11

Machine type is 18F4550



                Name                               Link     Load   Length Selector   Space Scale
C:\Users\Samuka\AppData\Local\Temp\xcAs310.\driver_tmp_14.o
                idloc                            200000   200000        8        0       5
                config                           300000   300000        E        0       4
                init                               7FFC     7FFC        4     3FFE       0
                reset_vec                             0        0        4        0       0
dist/default/production\lab4_ex2.X.production.o
                idloc                            200000   200000        8        0       5
                config                           300000   300000        E        0       4
                smallconst                          800      800       1A      400       0
                text25                             113E     113E       2A      40D       0
                text24                             121E     121E        8      40D       0
                text23                             11E8     11E8       16      40D       0
                text22                             11CA     11CA       1E      40D       0
                text21                              EA8      EA8       72      40D       0
                text20                              D06      D06       A4      40D       0
                text19                              E34      E34       74      40D       0
                text18                              F84      F84       64      40D       0
                text17                             1226     1226        2      40D       0
                text16                              BB8      BB8       AA      40D       0
                text15                             10CE     10CE       3C      40D       0
                text14                              DAA      DAA       8A      40D       0
                text13                              B04      B04       B4      40D       0
                text12                              92A      92A      10E      40D       0
                text11                             1090     1090       3E      40D       0
                text10                             110A     110A       34      40D       0
                text9                               FE8      FE8       60      40D       0
                text8                              120E     120E       10      40D       0
                text7                              11FE     11FE       10      40D       0
                text6                              1168     1168       22      40D       0
                text5                              11AA     11AA       20      40D       0
                text4                               A38      A38       CC      40D       0
                text3                               C62      C62       A4      40D       0
                text2                               F1A      F1A       6A      40D       0
                text1                              1048     1048       48      40D       0
                text0                               81A      81A      110      40D       0
                cstackCOMRAM                          1        1       51        1       1
                bssBANK0                             60       60       20       60       1
                bssCOMRAM                            52       52        5        1       1
                cinit                              118A     118A       20      40D       0

TOTAL           Name                               Link     Load   Length     Space
        CLASS   CODE           
                init                               7FFC     7FFC        4         0
                reset_vec                             0        0        4         0
                text25                             113E     113E       2A         0
                text24                             121E     121E        8         0
                text23                             11E8     11E8       16         0
                text22                             11CA     11CA       1E         0
                text21                              EA8      EA8       72         0
                text20                              D06      D06       A4         0
                text19                              E34      E34       74         0
                text18                              F84      F84       64         0
                text17                             1226     1226        2         0
                text16                              BB8      BB8       AA         0
                text15                             10CE     10CE       3C         0
                text14                              DAA      DAA       8A         0
                text13                              B04      B04       B4         0
                text12                              92A      92A      10E         0
                text11                             1090     1090       3E         0
                text10                             110A     110A       34         0
                text9                               FE8      FE8       60         0
                text8                              120E     120E       10         0
                text7                              11FE     11FE       10         0
                text6                              1168     1168       22         0
                text5                              11AA     11AA       20         0
                text4                               A38      A38       CC         0
                text3                               C62      C62       A4         0
                text2                               F1A      F1A       6A         0
                text1                              1048     1048       48         0
                text0                               81A      81A      110         0
                cinit                              118A     118A       20         0

        CLASS   CONST          

        CLASS   SMALLCONST     
                smallconst                          800      800       1A         0

        CLASS   MEDIUMCONST    

        CLASS   COMRAM         
                cstackCOMRAM                          1        1       51         1
                bssCOMRAM                            52       52        5         1

        CLASS   ABS1           

        CLASS   BIGRAM         

        CLASS   RAM            

        CLASS   BANK0          
                bssBANK0                             60       60       20         1

        CLASS   BANK1          

        CLASS   BANK2          

        CLASS   BANK3          

        CLASS   BANK4          

        CLASS   BANK5          

        CLASS   BANK6          

        CLASS   BANK7          

        CLASS   SFR            

        CLASS   BIGSFR         

        CLASS   CONFIG         
                config                           300000   300000        E         4

        CLASS   IDLOC          
                idloc                            200000   200000        8         5

        CLASS   EEDATA         

        CLASS   FARRAM         

        CLASS   HEAP           

        CLASS   STACK          



SEGMENTS        Name                           Load    Length   Top    Selector   Space  Class

                reset_vec                      000000  000004  000004         0       0  CODE    
                cstackCOMRAM                   000001  000056  000057         1       1  COMRAM  
                bssBANK0                       000060  000020  000080        60       1  BANK0   
                smallconst                     000800  00001A  00081A       400       0  SMALLCON
                text0                          00081A  000A0E  001228       40D       0  CODE    
                init                           007FFC  000004  008000      3FFE       0  CODE    


UNUSED ADDRESS RANGES

        Name                Unused          Largest block    Delta
        BANK0            000080-0000FF               80
        BANK1            000100-0001FF              100
        BANK2            000200-0002FF              100
        BANK3            000300-0003FF              100
        BANK4            000400-0004FF              100
        BANK5            000500-0005FF              100
        BANK6            000600-0006FF              100
        BANK7            000700-0007FF              100
        BIGRAM           000057-00005F                9
                         000080-0007FF              780
        BIGSFR           000F60-000FFF               A0
        CODE             000004-0007FF              7FC
                         001228-007FFB             6DD4
        COMRAM           000057-00005F                9
        CONST            000004-0007FF              7FC
                         001228-007FFB             6DD4
        EEDATA           F00000-F000FF              100
        MEDIUMCONST      001228-007FFB             6DD4
        RAM              000080-0007FF              100
        SFR              000F60-000FFF               A0
        SMALLCONST       001228-007FFB              100

                                  Symbol Table

?_AD_Read                        cstackCOMRAM 000001
?___lldiv                        cstackCOMRAM 00000D
?___lmul                         cstackCOMRAM 000001
?___lwdiv                        cstackCOMRAM 000001
?___lwmod                        cstackCOMRAM 000001
?_read_prec_or_width             cstackCOMRAM 000001
?_sprintf                        cstackCOMRAM 000029
?_vfprintf                       cstackCOMRAM 000025
LCD_PutTemperature@buffer        cstackCOMRAM 00003D
LCD_PutTemperature@num_mili      cstackCOMRAM 00003B
LCD_PutTemperature@parte_decimal cstackCOMRAM 000040
LCD_PutTemperature@parte_inteira cstackCOMRAM 00003E
SetDDRamAddr@DDaddr              cstackCOMRAM 000001
WriteCmdXLCD@cmd                 cstackCOMRAM 000001
WriteDataXLCD@data               cstackCOMRAM 000001
_ADCON0                          (abs)        000FC2
_ADCON0bits                      (abs)        000FC2
_ADCON1                          (abs)        000FC1
_ADCON2                          (abs)        000FC0
_ADRESH                          (abs)        000FC4
_ADRESL                          (abs)        000FC3
_AD_Read                         text25       00113E
_BusyXLCD                        text23       0011E8
_DelayFor18TCY                   text24       00121E
_DelayPORXLCD                    text8        00120E
_DelayXLCD                       text7        0011FE
_LATEbits                        (abs)        000F8D
_LCD_PutTemperature              text9        000FE8
_OpenXLCD                        text4        000A38
_PORTD                           (abs)        000F83
_SetDDRamAddr                    text6        001168
_TRISAbits                       (abs)        000F92
_TRISD                           (abs)        000F95
_TRISEbits                       (abs)        000F96
_WriteCmdXLCD                    text5        0011AA
_WriteDataXLCD                   text22       0011CA
__HRAM                           (abs)        000000
__H__absolute__                  __absolute__ 000000
__Habs1                          abs1         000000
__Hbank0                         bank0        000000
__Hbank1                         bank1        000000
__Hbank2                         bank2        000000
__Hbank3                         bank3        000000
__Hbank4                         bank4        000000
__Hbank5                         bank5        000000
__Hbank6                         bank6        000000
__Hbank7                         bank7        000000
__Hbigbss                        bigbss       000000
__Hbigdata                       bigdata      000000
__Hbigram                        bigram       000000
__Hbigsfr                        bigsfr       000000
__Hbss                           bss          000000
__HbssBANK0                      bssBANK0     000000
__HbssCOMRAM                     bssCOMRAM    000000
__Hcinit                         cinit        000000
__Hclrtext                       clrtext      000000
__Hcomram                        comram       000000
__Hconfig                        config       30000E
__Hconst                         const        000000
__HcstackCOMRAM                  cstackCOMRAM 000000
__Hdata                          data         000000
__Heeprom_data                   eeprom_data  000000
__Hfarbss                        farbss       000000
__Hfardata                       fardata      000000
__Hheap                          heap         000000
__Hibigdata                      ibigdata     000000
__Hidata                         idata        000000
__Hidloc                         idloc        200008
__Hifardata                      ifardata     000000
__Hinit                          init         008000
__Hintcode                       intcode      000008
__Hintcode_body                  intcode_body 000000
__Hintcodelo                     intcodelo    000018
__Hintentry                      intentry     000000
__Hintret                        intret       000000
__Hintsave_regs                  intsave_regs 000000
__Hirdata                        irdata       000000
__Hmediumconst                   mediumconst  000000
__HnvFARRAM                      nvFARRAM     000000
__Hnvbit                         nvbit        000000
__Hnvrram                        nvrram       000000
__Hparam                         rparam       000000
__Hpowerup                       powerup      000000
__Hram                           ram          000000
__Hramtop                        ramtop       000800
__Hrbit                          rbit         000000
__Hrbss                          rbss         000000
__Hrdata                         rdata        000000
__Hreset_vec                     reset_vec    000004
__Hrparam                        rparam       000000
__Hsfr                           sfr          000000
__Hsivt_hi                       sivt_hi      000000
__Hsivt_lo                       sivt_lo      000018
__Hsmallconst                    smallconst   00081A
__Hspace_0                       (abs)        008000
__Hspace_1                       (abs)        000080
__Hspace_2                       (abs)        000000
__Hspace_4                       (abs)        60000E
__Hstack                         stack        000000
__Hstruct                        struct       000000
__Htemp                          temp         000000
__Htext                          text         000000
__Htext0                         text0        000000
__Htext1                         text1        000000
__Htext10                        text10       000000
__Htext11                        text11       000000
__Htext12                        text12       000000
__Htext13                        text13       000000
__Htext14                        text14       000000
__Htext15                        text15       000000
__Htext16                        text16       000000
__Htext17                        text17       000000
__Htext18                        text18       000000
__Htext19                        text19       000000
__Htext2                         text2        000000
__Htext20                        text20       000000
__Htext21                        text21       000000
__Htext22                        text22       000000
__Htext23                        text23       000000
__Htext24                        text24       000000
__Htext25                        text25       000000
__Htext3                         text3        000000
__Htext4                         text4        000000
__Htext5                         text5        000000
__Htext6                         text6        000000
__Htext7                         text7        000000
__Htext8                         text8        000000
__Htext9                         text9        000000
__LRAM                           (abs)        000001
__L__absolute__                  __absolute__ 000000
__Labs1                          abs1         000000
__Lbank0                         bank0        000000
__Lbank1                         bank1        000000
__Lbank2                         bank2        000000
__Lbank3                         bank3        000000
__Lbank4                         bank4        000000
__Lbank5                         bank5        000000
__Lbank6                         bank6        000000
__Lbank7                         bank7        000000
__Lbigbss                        bigbss       000000
__Lbigdata                       bigdata      000000
__Lbigram                        bigram       000000
__Lbigsfr                        bigsfr       000000
__Lbss                           bss          000000
__LbssBANK0                      bssBANK0     000000
__LbssCOMRAM                     bssCOMRAM    000000
__Lcinit                         cinit        000000
__Lclrtext                       clrtext      000000
__Lcomram                        comram       000000
__Lconfig                        config       000000
__Lconst                         const        000000
__LcstackCOMRAM                  cstackCOMRAM 000000
__Ldata                          data         000000
__Leeprom_data                   eeprom_data  000000
__Lfarbss                        farbss       000000
__Lfardata                       fardata      000000
__Lheap                          heap         000000
__Libigdata                      ibigdata     000000
__Lidata                         idata        000000
__Lidloc                         idloc        000000
__Lifardata                      ifardata     000000
__Linit                          init         007FFC
__Lintcode                       intcode      000008
__Lintcode_body                  intcode_body 000000
__Lintcodelo                     intcodelo    000018
__Lintentry                      intentry     000000
__Lintret                        intret       000000
__Lintsave_regs                  intsave_regs 000000
__Lirdata                        irdata       000000
__Lmediumconst                   mediumconst  000000
__LnvFARRAM                      nvFARRAM     000000
__Lnvbit                         nvbit        000000
__Lnvrram                        nvrram       000000
__Lparam                         rparam       000000
__Lpowerup                       powerup      000000
__Lram                           ram          000000
__Lramtop                        ramtop       000800
__Lrbit                          rbit         000000
__Lrbss                          rbss         000000
__Lrdata                         rdata        000000
__Lreset_vec                     reset_vec    000000
__Lrparam                        rparam       000000
__Lsfr                           sfr          000000
__Lsivt_hi                       sivt_hi      000000
__Lsivt_lo                       sivt_lo      000018
__Lsmallconst                    smallconst   000800
__Lspace_0                       (abs)        000000
__Lspace_1                       (abs)        000000
__Lspace_2                       (abs)        000000
__Lspace_4                       (abs)        000000
__Lstack                         stack        000000
__Lstruct                        struct       000000
__Ltemp                          temp         000000
__Ltext                          text         000000
__Ltext0                         text0        000000
__Ltext1                         text1        000000
__Ltext10                        text10       000000
__Ltext11                        text11       000000
__Ltext12                        text12       000000
__Ltext13                        text13       000000
__Ltext14                        text14       000000
__Ltext15                        text15       000000
__Ltext16                        text16       000000
__Ltext17                        text17       000000
__Ltext18                        text18       000000
__Ltext19                        text19       000000
__Ltext2                         text2        000000
__Ltext20                        text20       000000
__Ltext21                        text21       000000
__Ltext22                        text22       000000
__Ltext23                        text23       000000
__Ltext24                        text24       000000
__Ltext25                        text25       000000
__Ltext3                         text3        000000
__Ltext4                         text4        000000
__Ltext5                         text5        000000
__Ltext6                         text6        000000
__Ltext7                         text7        000000
__Ltext8                         text8        000000
__Ltext9                         text9        000000
__S0                             (abs)        008000
__S1                             (abs)        000080
__S4                             (abs)        000000
__S5                             (abs)        000000
___heap_hi                       (abs)        000000
___heap_lo                       (abs)        000000
___inthi_sp                      stack        000000
___inthi_stack_hi                stack        000000
___inthi_stack_lo                stack        000000
___intlo_sp                      stack        000000
___intlo_stack_hi                stack        000000
___intlo_stack_lo                stack        000000
___lldiv                         text3        000C62
___lldiv@counter                 cstackCOMRAM 000019
___lldiv@dividend                cstackCOMRAM 00000D
___lldiv@divisor                 cstackCOMRAM 000011
___lldiv@quotient                cstackCOMRAM 000015
___lmul                          text2        000F1A
___lmul@multiplicand             cstackCOMRAM 000005
___lmul@multiplier               cstackCOMRAM 000001
___lmul@product                  cstackCOMRAM 000009
___lwdiv                         text19       000E34
___lwdiv@counter                 cstackCOMRAM 000007
___lwdiv@dividend                cstackCOMRAM 000001
___lwdiv@divisor                 cstackCOMRAM 000003
___lwdiv@quotient                cstackCOMRAM 000005
___lwmod                         text18       000F84
___lwmod@counter                 cstackCOMRAM 000005
___lwmod@dividend                cstackCOMRAM 000001
___lwmod@divisor                 cstackCOMRAM 000003
___param_bank                    (abs)        000000
___rparam_used                   (abs)        000001
___sp                            stack        000000
___stack_hi                      stack        000000
___stack_lo                      stack        000000
__accesstop                      (abs)        000060
__activetblptr                   (abs)        000002
__end_of_AD_Read                 text25       001168
__end_of_BusyXLCD                text23       0011FE
__end_of_DelayFor18TCY           text24       001226
__end_of_DelayPORXLCD            text8        00121E
__end_of_DelayXLCD               text7        00120E
__end_of_LCD_PutTemperature      text9        001048
__end_of_OpenXLCD                text4        000B04
__end_of_SetDDRamAddr            text6        00118A
__end_of_WriteCmdXLCD            text5        0011CA
__end_of_WriteDataXLCD           text22       0011E8
__end_of___lldiv                 text3        000D06
__end_of___lmul                  text2        000F84
__end_of___lwdiv                 text19       000EA8
__end_of___lwmod                 text18       000FE8
__end_of__initialization         cinit        0011A0
__end_of_fputc                   text16       000C62
__end_of_fputs                   text15       00110A
__end_of_main                    text0        00092A
__end_of_pad                     text14       000E34
__end_of_putch                   text17       001228
__end_of_putrsXLCD               text1        001090
__end_of_putsXLCD                text21       000F1A
__end_of_read_prec_or_width      text20       000DAA
__end_of_sprintf                 text10       00113E
__end_of_utoa                    text13       000BB8
__end_of_vfpfcnvrt               text12       000A38
__end_of_vfprintf                text11       0010CE
__initialization                 cinit        00118A
__mediumconst                    smallconst   000800
__pbssBANK0                      bssBANK0     000060
__pbssCOMRAM                     bssCOMRAM    000052
__pcinit                         cinit        00118A
__pcstackCOMRAM                  cstackCOMRAM 000001
__psmallconst                    smallconst   000800
__ptext0                         text0        00081A
__ptext1                         text1        001048
__ptext10                        text10       00110A
__ptext11                        text11       001090
__ptext12                        text12       00092A
__ptext13                        text13       000B04
__ptext14                        text14       000DAA
__ptext15                        text15       0010CE
__ptext16                        text16       000BB8
__ptext17                        text17       001226
__ptext18                        text18       000F84
__ptext19                        text19       000E34
__ptext2                         text2        000F1A
__ptext20                        text20       000D06
__ptext21                        text21       000EA8
__ptext22                        text22       0011CA
__ptext23                        text23       0011E8
__ptext24                        text24       00121E
__ptext25                        text25       00113E
__ptext3                         text3        000C62
__ptext4                         text4        000A38
__ptext5                         text5        0011AA
__ptext6                         text6        001168
__ptext7                         text7        0011FE
__ptext8                         text8        00120E
__ptext9                         text9        000FE8
__ramtop                         ramtop       000800
__smallconst                     smallconst   000800
_dbuf                            bssBANK0     000060
_flags                           bssCOMRAM    000056
_fputc                           text16       000BB8
_fputs                           text15       0010CE
_main                            text0        00081A
_pad                             text14       000DAA
_prec                            bssCOMRAM    000054
_putch                           text17       001226
_putrsXLCD                       text1        001048
_putsXLCD                        text21       000EA8
_read_prec_or_width              text20       000D06
_sprintf                         text10       00110A
_utoa                            text13       000B04
_vfpfcnvrt                       text12       00092A
_vfprintf                        text11       001090
_width                           bssCOMRAM    000052
end_of_initialization            cinit        0011A0
fputc@c                          cstackCOMRAM 000001
fputc@fp                         cstackCOMRAM 000003
fputs@c                          cstackCOMRAM 00000B
fputs@fp                         cstackCOMRAM 00000A
fputs@i                          cstackCOMRAM 00000C
fputs@s                          cstackCOMRAM 000009
intlevel0                        text         000000
intlevel1                        text         000000
intlevel2                        text         000000
intlevel3                        text         000000
isa$std                          (abs)        000001
isa$xinst                        (abs)        000000
main@ad_value                    cstackCOMRAM 00004E
main@buffer                      cstackCOMRAM 000044
main@temp_mili                   cstackCOMRAM 000050
pad@buf                          cstackCOMRAM 00000F
pad@fp                           cstackCOMRAM 00000E
pad@i                            cstackCOMRAM 000013
pad@p                            cstackCOMRAM 000010
putrsXLCD@buffer                 cstackCOMRAM 000002
putsXLCD@buffer                  cstackCOMRAM 000002
read_prec_or_width@ap            cstackCOMRAM 000002
read_prec_or_width@c             cstackCOMRAM 000005
read_prec_or_width@fmt           cstackCOMRAM 000001
read_prec_or_width@n             cstackCOMRAM 000006
sprintf@ap                       cstackCOMRAM 00002F
sprintf@f                        cstackCOMRAM 000030
sprintf@fmt                      cstackCOMRAM 00002A
sprintf@s                        cstackCOMRAM 000029
stackhi                          (abs)        000000
stacklo                          (abs)        000000
start                            init         007FFC
start_initialization             cinit        00118A
utoa@d                           cstackCOMRAM 000016
utoa@fp                          cstackCOMRAM 000015
utoa@i                           cstackCOMRAM 00001B
utoa@p                           cstackCOMRAM 00001A
utoa@w                           cstackCOMRAM 000018
vfpfcnvrt@ap                     cstackCOMRAM 00001F
vfpfcnvrt@convarg                cstackCOMRAM 000020
vfpfcnvrt@cp                     cstackCOMRAM 000024
vfpfcnvrt@fmt                    cstackCOMRAM 00001E
vfpfcnvrt@fp                     cstackCOMRAM 00001D
vfprintf@ap                      cstackCOMRAM 000027
vfprintf@cfmt                    cstackCOMRAM 000028
vfprintf@fmt                     cstackCOMRAM 000026
vfprintf@fp                      cstackCOMRAM 000025


MODULE INFORMATION

Module		Function		Class		Link	Load	Size
C:\Program Files\Microchip\xc8\v3.00\pic\sources\c99\common\nf_fputc.c
		_fputc         		CODE           	0BB8	0000	170

C:\Program Files\Microchip\xc8\v3.00\pic\sources\c99\common\nf_fputc.c estimated size: 170

../../src/xlcd.c
		_BusyXLCD      		CODE           	11E8	0000	22
		_putsXLCD      		CODE           	0EA8	0000	114
		_WriteCmdXLCD  		CODE           	11AA	0000	32
		_OpenXLCD      		CODE           	0A38	0000	204
		_WriteDataXLCD 		CODE           	11CA	0000	30
		_SetDDRamAddr  		CODE           	1168	0000	34
		_putrsXLCD     		CODE           	1048	0000	72

../../src/xlcd.c estimated size: 508

C:\Program Files\Microchip\xc8\v3.00\pic\sources\c99\common\nf_sprintf.c
		_sprintf       		CODE           	110A	0000	52

C:\Program Files\Microchip\xc8\v3.00\pic\sources\c99\common\nf_sprintf.c estimated size: 52

../../src/main.c
		_main          		CODE           	081A	0000	272
		_DelayFor18TCY 		CODE           	121E	0000	8
		_DelayXLCD     		CODE           	11FE	0000	16
		_DelayPORXLCD  		CODE           	120E	0000	16
		_LCD_PutTemperature		CODE           	0FE8	0000	96
		_AD_Read       		CODE           	113E	0000	42

../../src/main.c estimated size: 450

C:\Program Files\Microchip\xc8\v3.00\pic\sources\c99\common\lwmod.c
		___lwmod       		CODE           	0F84	0000	100

C:\Program Files\Microchip\xc8\v3.00\pic\sources\c99\common\lwmod.c estimated size: 100

C:\Program Files\Microchip\xc8\v3.00\pic\sources\c99\common\putch.c
		_putch         		CODE           	1226	0000	2

C:\Program Files\Microchip\xc8\v3.00\pic\sources\c99\common\putch.c estimated size: 2

C:\Program Files\Microchip\xc8\v3.00\pic\sources\c99\common\Umul32.c
		___lmul        		CODE           	0F1A	0000	106

C:\Program Files\Microchip\xc8\v3.00\pic\sources\c99\common\Umul32.c estimated size: 106

C:\Program Files\Microchip\xc8\v3.00\pic\sources\c99\common\__lldiv.c
		___lldiv       		CODE           	0C62	0000	164

C:\Program Files\Microchip\xc8\v3.00\pic\sources\c99\common\__lldiv.c estimated size: 164

shared
		__initialization		CODE           	118A	0000	22

shared estimated size: 22

C:\Program Files\Microchip\xc8\v3.00\pic\sources\c99\common\nf_fputs.c
		_fputs         		CODE           	10CE	0000	60

C:\Program Files\Microchip\xc8\v3.00\pic\sources\c99\common\nf_fputs.c estimated size: 60

C:\Program Files\Microchip\xc8\v3.00\pic\sources\c99\common\lwdiv.c
		___lwdiv       		CODE           	0E34	0000	116

C:\Program Files\Microchip\xc8\v3.00\pic\sources\c99\common\lwdiv.c estimated size: 116

C:\Program Files\Microchip\xc8\v3.00\pic\sources\c99\common\doprnt.c
		_read_prec_or_width		CODE           	0D06	0000	164
		_vfpfcnvrt     		CODE           	092A	0000	270
		_pad           		CODE           	0DAA	0000	138
		_vfprintf      		CODE           	1090	0000	62
		_utoa          		CODE           	0B04	0000	180

C:\Program Files\Microchip\xc8\v3.00\pic\sources\c99\common\doprnt.c estimated size: 814

