Microchip MPLAB XC8 Compiler V3.00

Linker command line:

-W-3 \
  --edf=C:\Program Files\Microchip\xc8\v3.00\pic\dat\20241204225717_en.msgs \
  -cn -h+dist/default/production\sm_restritions.X.production.sym \
  --cmf=dist/default/production\sm_restritions.X.production.cmf -z \
  -Q18F4520 -oC:\Users\lab-l\AppData\Local\Temp\xcAsd7g.\driver_tmp_3.o \
  --defsym=__MPLAB_BUILD=1 --fixupoverflow=error \
  -Mdist/default/production/sm_restritions.X.production.map \
  --md=C:\Users\lab-l\AppData\Local\Temp\xcAsd7g.\driver_tmp_0.dat -E1 \
  -ver=XC8 Compiler -ACODE=00h-07FFFh -ACONST=00h-07FFFh \
  -ASMALLCONST=0600h-06FFhx122 -AMEDIUMCONST=0600h-07FFFh -ACOMRAM=01h-07Fh \
  -AABS1=00h-05FFh -ABIGRAM=01h-05FFh -ARAM=080h-0FFh,0100h-01FFhx5 \
  -ABANK0=080h-0FFh -ABANK1=0100h-01FFh -ABANK2=0200h-02FFh \
  -ABANK3=0300h-03FFh -ABANK4=0400h-04FFh -ABANK5=0500h-05FFh \
  -ASFR=0F80h-0FFFh -ABIGSFR=0F80h-0FFFh -ACONFIG=0300000h-030000Dh \
  -AIDLOC=0200000h-0200007h -AEEDATA=0F00000h-0F000FFh -peeprom_data=EEDATA \
  -preset_vec=00h,intcode=8h,intcodelo=18h,sivt_lo,sivt_hi=CODE \
  -ppowerup=CODE,init -pramtop=0600h -psmallconst=SMALLCONST \
  -pmediumconst=MEDIUMCONST -pconst=CONST -AFARRAM=00h-00h \
  -prdata=COMRAM,nvrram=COMRAM,nvbit=COMRAM,rbss=COMRAM,rbit=COMRAM \
  -pfarbss=FARRAM,fardata=FARRAM,nvFARRAM=FARRAM \
  -pintsave_regs=BIGRAM,bigbss=BIGRAM,bigdata=BIGRAM -pbss=RAM \
  -pidata=CODE,irdata=CODE,ibigdata=CODE,ifardata=CODE -prparam=COMRAM \
  C:\Users\lab-l\AppData\Local\Temp\xcAsd7g.\driver_tmp_9.o \
  dist/default/production\sm_restritions.X.production.o 

Object code version is 3.11

Machine type is 18F4520



                Name                               Link     Load   Length Selector   Space Scale
C:\Users\lab-l\AppData\Local\Temp\xcAsd7g.\driver_tmp_9.o
                idloc                            200000   200000        8        0       5
                config                           300000   300000        E        0       4
                init                               7FFC     7FFC        4     3FFE       0
                reset_vec                             0        0        4        0       0
dist/default/production\sm_restritions.X.production.o
                idloc                            200000   200000        8        0       5
                config                           300000   300000        E        0       4
                smallconst                          600      600        A      300       0
                text3                               6FA      6FA       D0      305       0
                text2                               60A      60A       F0      305       0
                text1                               896      896       66      305       0
                text0                               7CA      7CA       CC      305       0
                cstackCOMRAM                          1        1       10        1       1
                bssCOMRAM                            11       11        8        1       1
                cinit                               8FC      8FC       1A      305       0

TOTAL           Name                               Link     Load   Length     Space
        CLASS   CODE           
                init                               7FFC     7FFC        4         0
                reset_vec                             0        0        4         0
                text3                               6FA      6FA       D0         0
                text2                               60A      60A       F0         0
                text1                               896      896       66         0
                text0                               7CA      7CA       CC         0
                cinit                               8FC      8FC       1A         0

        CLASS   CONST          

        CLASS   SMALLCONST     
                smallconst                          600      600        A         0

        CLASS   MEDIUMCONST    

        CLASS   COMRAM         
                cstackCOMRAM                          1        1       10         1
                bssCOMRAM                            11       11        8         1

        CLASS   ABS1           

        CLASS   BIGRAM         

        CLASS   RAM            

        CLASS   BANK0          

        CLASS   BANK1          

        CLASS   BANK2          

        CLASS   BANK3          

        CLASS   BANK4          

        CLASS   BANK5          

        CLASS   SFR            

        CLASS   BIGSFR         

        CLASS   CONFIG         
                config                           300000   300000        E         4

        CLASS   IDLOC          
                idloc                            200000   200000        8         5

        CLASS   EEDATA         

        CLASS   FARRAM         

        CLASS   HEAP           

        CLASS   STACK          



SEGMENTS        Name                           Load    Length   Top    Selector   Space  Class

                reset_vec                      000000  000004  000004         0       0  CODE    
                cstackCOMRAM                   000001  000018  000019         1       1  COMRAM  
                smallconst                     000600  00000A  00060A       300       0  SMALLCON
                text2                          00060A  00030C  000916       305       0  CODE    
                init                           007FFC  000004  008000      3FFE       0  CODE    


UNUSED ADDRESS RANGES

        Name                Unused          Largest block    Delta
        BANK0            000080-0000FF               80
        BANK1            000100-0001FF              100
        BANK2            000200-0002FF              100
        BANK3            000300-0003FF              100
        BANK4            000400-0004FF              100
        BANK5            000500-0005FF              100
        BIGRAM           000019-0005FF              5E7
        BIGSFR           000F80-000FFF               80
        CODE             000004-0005FF              5FC
                         000916-007FFB             76E6
        COMRAM           000019-00007F               67
        CONST            000004-0005FF              5FC
                         000916-007FFB             76E6
        EEDATA           F00000-F000FF              100
        MEDIUMCONST      000916-007FFB             76E6
        RAM              000080-0005FF              100
        SFR              000F80-000FFF               80
        SMALLCONST       000916-007FFB              100

                                  Symbol Table

?_checkBtn               cstackCOMRAM 000001
_ADCON1                  (abs)        000FC1
_LATB                    (abs)        000F8A
_PORTCbits               (abs)        000F82
_PORTDbits               (abs)        000F83
_TRISB                   (abs)        000F93
_TRISC                   (abs)        000F94
_TRISD                   (abs)        000F95
__HRAM                   (abs)        000000
__H__absolute__          __absolute__ 000000
__Habs1                  abs1         000000
__Hbank0                 bank0        000000
__Hbank1                 bank1        000000
__Hbank2                 bank2        000000
__Hbank3                 bank3        000000
__Hbank4                 bank4        000000
__Hbank5                 bank5        000000
__Hbigbss                bigbss       000000
__Hbigdata               bigdata      000000
__Hbigram                bigram       000000
__Hbigsfr                bigsfr       000000
__Hbss                   bss          000000
__HbssCOMRAM             bssCOMRAM    000000
__Hcinit                 cinit        000000
__Hclrtext               clrtext      000000
__Hcomram                comram       000000
__Hconfig                config       30000E
__Hconst                 const        000000
__HcstackCOMRAM          cstackCOMRAM 000000
__Hdata                  data         000000
__Heeprom_data           eeprom_data  000000
__Hfarbss                farbss       000000
__Hfardata               fardata      000000
__Hheap                  heap         000000
__Hibigdata              ibigdata     000000
__Hidata                 idata        000000
__Hidloc                 idloc        200008
__Hifardata              ifardata     000000
__Hinit                  init         008000
__Hintcode               intcode      000008
__Hintcode_body          intcode_body 000000
__Hintcodelo             intcodelo    000018
__Hintentry              intentry     000000
__Hintret                intret       000000
__Hintsave_regs          intsave_regs 000000
__Hirdata                irdata       000000
__Hmediumconst           mediumconst  000000
__HnvFARRAM              nvFARRAM     000000
__Hnvbit                 nvbit        000000
__Hnvrram                nvrram       000000
__Hparam                 rparam       000000
__Hpowerup               powerup      000000
__Hram                   ram          000000
__Hramtop                ramtop       000600
__Hrbit                  rbit         000000
__Hrbss                  rbss         000000
__Hrdata                 rdata        000000
__Hreset_vec             reset_vec    000004
__Hrparam                rparam       000000
__Hsfr                   sfr          000000
__Hsivt_hi               sivt_hi      000000
__Hsivt_lo               sivt_lo      000018
__Hsmallconst            smallconst   00060A
__Hspace_0               (abs)        008000
__Hspace_1               (abs)        000019
__Hspace_2               (abs)        000000
__Hspace_4               (abs)        60000E
__Hstack                 stack        000000
__Hstruct                struct       000000
__Htemp                  temp         000000
__Htext                  text         000000
__Htext0                 text0        000000
__Htext1                 text1        000000
__Htext2                 text2        000000
__Htext3                 text3        000000
__LRAM                   (abs)        000001
__L__absolute__          __absolute__ 000000
__Labs1                  abs1         000000
__Lbank0                 bank0        000000
__Lbank1                 bank1        000000
__Lbank2                 bank2        000000
__Lbank3                 bank3        000000
__Lbank4                 bank4        000000
__Lbank5                 bank5        000000
__Lbigbss                bigbss       000000
__Lbigdata               bigdata      000000
__Lbigram                bigram       000000
__Lbigsfr                bigsfr       000000
__Lbss                   bss          000000
__LbssCOMRAM             bssCOMRAM    000000
__Lcinit                 cinit        000000
__Lclrtext               clrtext      000000
__Lcomram                comram       000000
__Lconfig                config       000000
__Lconst                 const        000000
__LcstackCOMRAM          cstackCOMRAM 000000
__Ldata                  data         000000
__Leeprom_data           eeprom_data  000000
__Lfarbss                farbss       000000
__Lfardata               fardata      000000
__Lheap                  heap         000000
__Libigdata              ibigdata     000000
__Lidata                 idata        000000
__Lidloc                 idloc        000000
__Lifardata              ifardata     000000
__Linit                  init         007FFC
__Lintcode               intcode      000008
__Lintcode_body          intcode_body 000000
__Lintcodelo             intcodelo    000018
__Lintentry              intentry     000000
__Lintret                intret       000000
__Lintsave_regs          intsave_regs 000000
__Lirdata                irdata       000000
__Lmediumconst           mediumconst  000000
__LnvFARRAM              nvFARRAM     000000
__Lnvbit                 nvbit        000000
__Lnvrram                nvrram       000000
__Lparam                 rparam       000000
__Lpowerup               powerup      000000
__Lram                   ram          000000
__Lramtop                ramtop       000600
__Lrbit                  rbit         000000
__Lrbss                  rbss         000000
__Lrdata                 rdata        000000
__Lreset_vec             reset_vec    000000
__Lrparam                rparam       000000
__Lsfr                   sfr          000000
__Lsivt_hi               sivt_hi      000000
__Lsivt_lo               sivt_lo      000018
__Lsmallconst            smallconst   000600
__Lspace_0               (abs)        000000
__Lspace_1               (abs)        000000
__Lspace_2               (abs)        000000
__Lspace_4               (abs)        000000
__Lstack                 stack        000000
__Lstruct                struct       000000
__Ltemp                  temp         000000
__Ltext                  text         000000
__Ltext0                 text0        000000
__Ltext1                 text1        000000
__Ltext2                 text2        000000
__Ltext3                 text3        000000
__S0                     (abs)        008000
__S1                     (abs)        000019
__S4                     (abs)        000000
__S5                     (abs)        000000
___heap_hi               (abs)        000000
___heap_lo               (abs)        000000
___inthi_sp              stack        000000
___inthi_stack_hi        stack        000000
___inthi_stack_lo        stack        000000
___intlo_sp              stack        000000
___intlo_stack_hi        stack        000000
___intlo_stack_lo        stack        000000
___param_bank            (abs)        000000
___rparam_used           (abs)        000001
___sp                    stack        000000
___stack_hi              stack        000000
___stack_lo              stack        000000
__accesstop              (abs)        000080
__activetblptr           (abs)        000001
__end_of__initialization cinit        000908
__end_of_calibrateMotor  text2        0006FA
__end_of_checkBtn        text1        0008FC
__end_of_main            text0        000896
__end_of_rotateMotor     text3        0007CA
__end_of_steps_ccw       smallconst   000605
__end_of_steps_cw        smallconst   000609
__initialization         cinit        0008FC
__mediumconst            smallconst   000600
__pbssCOMRAM             bssCOMRAM    000011
__pcinit                 cinit        0008FC
__pcstackCOMRAM          cstackCOMRAM 000001
__psmallconst            smallconst   000600
__ptext0                 text0        0007CA
__ptext1                 text1        000896
__ptext2                 text2        00060A
__ptext3                 text3        0006FA
__ramtop                 ramtop       000600
__smallconst             smallconst   000600
_calibrateMotor          text2        00060A
_checkBtn                text1        000896
_leftSteps               bssCOMRAM    000011
_main                    text0        0007CA
_maxSteps                bssCOMRAM    000015
_position                bssCOMRAM    000017
_rightSteps              bssCOMRAM    000013
_rotateMotor             text3        0006FA
_steps_ccw               smallconst   000601
_steps_cw                smallconst   000605
calibrateMotor@i         cstackCOMRAM 00000A
calibrateMotor@i_200     cstackCOMRAM 00000C
end_of_initialization    cinit        000908
intlevel0                text         000000
intlevel1                text         000000
intlevel2                text         000000
intlevel3                text         000000
isa$std                  (abs)        000001
isa$xinst                (abs)        000000
main@direction           cstackCOMRAM 00000F
rotateMotor@direction    cstackCOMRAM 000001
rotateMotor@i            cstackCOMRAM 000005
rotateMotor@i_188        cstackCOMRAM 000007
stackhi                  (abs)        000000
stacklo                  (abs)        000000
start                    init         007FFC
start_initialization     cinit        0008FC


MODULE INFORMATION

Module		Function		Class		Link	Load	Size
../../src/main.c
		_checkBtn      		CODE           	0896	0000	102
		_main          		CODE           	07CA	0000	204
		_rotateMotor   		CODE           	06FA	0000	208
		_calibrateMotor		CODE           	060A	0000	240

../../src/main.c estimated size: 754

shared
		_steps_cw      		SMALLCONST     	0605	0000	4
		_steps_ccw     		SMALLCONST     	0601	0000	4
		__initialization		CODE           	08FC	0000	12

shared estimated size: 20

